Information: Creating the xml_driver
Information: Loading the xml_driver
Information: Reading database full_mpeg4.db
Information: Database read
Information: Current doe has been set to 'Full factorial DoE'
Information: Current optimizer has been set to 'Pareto doe optimizer'
Information: Assigned value { "energy/2" "cycles/2" } to objectives
Information: Changing current DB to: solution
Information: Database not existing. Creating a new one.
Information: Assigned value [ "2" "8" ] to dcw
Information: Assigned value [ "2" "8" ] to l2cw
Information: Starting with the pareto doe optimization process
Information: Evaluating point: [ ics=2048 dcs=2048 l2cs=32768 icw=1 dcw=2 l2cw=2 iwidth=1 cbs=16 pn=2 ]
Information: Evaluating point: [ ics=2048 dcs=2048 l2cs=32768 icw=1 dcw=2 l2cw=2 iwidth=1 cbs=16 pn=16 ]
Information: Evaluating point: [ ics=2048 dcs=2048 l2cs=32768 icw=1 dcw=2 l2cw=2 iwidth=1 cbs=16 pn=2 ]
Information: Evaluating point: [ ics=2048 dcs=2048 l2cs=32768 icw=1 dcw=2 l2cw=2 iwidth=1 cbs=16 pn=16 ]
Information: Evaluating point: [ ics=2048 dcs=2048 l2cs=32768 icw=1 dcw=2 l2cw=2 iwidth=8 cbs=16 pn=2 ]
Information: Evaluating point: [ ics=2048 dcs=2048 l2cs=32768 icw=1 dcw=2 l2cw=2 iwidth=8 cbs=16 pn=16 ]
Information: Evaluating point: [ ics=2048 dcs=2048 l2cs=32768 icw=1 dcw=2 l2cw=2 iwidth=8 cbs=16 pn=2 ]
Information: Evaluating point: [ ics=2048 dcs=2048 l2cs=32768 icw=1 dcw=2 l2cw=2 iwidth=8 cbs=16 pn=16 ]
Information: Evaluating point: [ ics=2048 dcs=2048 l2cs=32768 icw=1 dcw=2 l2cw=8 iwidth=1 cbs=16 pn=2 ]
Information: Evaluating point: [ ics=2048 dcs=2048 l2cs=32768 icw=1 dcw=2 l2cw=8 iwidth=1 cbs=16 pn=16 ]
Information: Evaluating point: [ ics=2048 dcs=2048 l2cs=32768 icw=1 dcw=2 l2cw=8 iwidth=1 cbs=16 pn=2 ]
Information: Evaluating point: [ ics=2048 dcs=2048 l2cs=32768 icw=1 dcw=2 l2cw=8 iwidth=1 cbs=16 pn=16 ]
Information: Evaluating point: [ ics=2048 dcs=2048 l2cs=32768 icw=1 dcw=2 l2cw=8 iwidth=8 cbs=16 pn=2 ]
Information: Evaluating point: [ ics=2048 dcs=2048 l2cs=32768 icw=1 dcw=2 l2cw=8 iwidth=8 cbs=16 pn=16 ]
Information: Evaluating point: [ ics=2048 dcs=2048 l2cs=32768 icw=1 dcw=2 l2cw=8 iwidth=8 cbs=16 pn=2 ]
Information: Evaluating point: [ ics=2048 dcs=2048 l2cs=32768 icw=1 dcw=2 l2cw=8 iwidth=8 cbs=16 pn=16 ]
Information: Evaluating point: [ ics=2048 dcs=2048 l2cs=32768 icw=1 dcw=8 l2cw=2 iwidth=1 cbs=16 pn=2 ]
Information: Evaluating point: [ ics=2048 dcs=2048 l2cs=32768 icw=1 dcw=8 l2cw=2 iwidth=1 cbs=16 pn=16 ]
Information: Evaluating point: [ ics=2048 dcs=2048 l2cs=32768 icw=1 dcw=8 l2cw=2 iwidth=1 cbs=16 pn=2 ]
Information: Evaluating point: [ ics=2048 dcs=2048 l2cs=32768 icw=1 dcw=8 l2cw=2 iwidth=1 cbs=16 pn=16 ]
Information: Evaluating point: [ ics=2048 dcs=2048 l2cs=32768 icw=1 dcw=8 l2cw=2 iwidth=8 cbs=16 pn=2 ]
Information: Evaluating point: [ ics=2048 dcs=2048 l2cs=32768 icw=1 dcw=8 l2cw=2 iwidth=8 cbs=16 pn=16 ]
Information: Evaluating point: [ ics=2048 dcs=2048 l2cs=32768 icw=1 dcw=8 l2cw=2 iwidth=8 cbs=16 pn=2 ]
Information: Evaluating point: [ ics=2048 dcs=2048 l2cs=32768 icw=1 dcw=8 l2cw=2 iwidth=8 cbs=16 pn=16 ]
Information: Evaluating point: [ ics=2048 dcs=2048 l2cs=32768 icw=1 dcw=8 l2cw=8 iwidth=1 cbs=16 pn=2 ]
Information: Evaluating point: [ ics=2048 dcs=2048 l2cs=32768 icw=1 dcw=8 l2cw=8 iwidth=1 cbs=16 pn=16 ]
Information: Evaluating point: [ ics=2048 dcs=2048 l2cs=32768 icw=1 dcw=8 l2cw=8 iwidth=1 cbs=16 pn=2 ]
Information: Evaluating point: [ ics=2048 dcs=2048 l2cs=32768 icw=1 dcw=8 l2cw=8 iwidth=1 cbs=16 pn=16 ]
Information: Evaluating point: [ ics=2048 dcs=2048 l2cs=32768 icw=1 dcw=8 l2cw=8 iwidth=8 cbs=16 pn=2 ]
Information: Evaluating point: [ ics=2048 dcs=2048 l2cs=32768 icw=1 dcw=8 l2cw=8 iwidth=8 cbs=16 pn=16 ]
Information: Evaluating point: [ ics=2048 dcs=2048 l2cs=32768 icw=1 dcw=8 l2cw=8 iwidth=8 cbs=16 pn=2 ]
Information: Evaluating point: [ ics=2048 dcs=2048 l2cs=32768 icw=1 dcw=8 l2cw=8 iwidth=8 cbs=16 pn=16 ]
Information: Evaluating point: [ ics=2048 dcs=2048 l2cs=32768 icw=4 dcw=2 l2cw=2 iwidth=1 cbs=16 pn=2 ]
Information: Evaluating point: [ ics=2048 dcs=2048 l2cs=32768 icw=4 dcw=2 l2cw=2 iwidth=1 cbs=16 pn=16 ]
Information: Evaluating point: [ ics=2048 dcs=2048 l2cs=32768 icw=4 dcw=2 l2cw=2 iwidth=1 cbs=16 pn=2 ]
Information: Evaluating point: [ ics=2048 dcs=2048 l2cs=32768 icw=4 dcw=2 l2cw=2 iwidth=1 cbs=16 pn=16 ]
Information: Evaluating point: [ ics=2048 dcs=2048 l2cs=32768 icw=4 dcw=2 l2cw=2 iwidth=8 cbs=16 pn=2 ]
Information: Evaluating point: [ ics=2048 dcs=2048 l2cs=32768 icw=4 dcw=2 l2cw=2 iwidth=8 cbs=16 pn=16 ]
Information: Evaluating point: [ ics=2048 dcs=2048 l2cs=32768 icw=4 dcw=2 l2cw=2 iwidth=8 cbs=16 pn=2 ]
Information: Evaluating point: [ ics=2048 dcs=2048 l2cs=32768 icw=4 dcw=2 l2cw=2 iwidth=8 cbs=16 pn=16 ]
Information: Evaluating point: [ ics=2048 dcs=2048 l2cs=32768 icw=4 dcw=2 l2cw=8 iwidth=1 cbs=16 pn=2 ]
Information: Evaluating point: [ ics=2048 dcs=2048 l2cs=32768 icw=4 dcw=2 l2cw=8 iwidth=1 cbs=16 pn=16 ]
Information: Evaluating point: [ ics=2048 dcs=2048 l2cs=32768 icw=4 dcw=2 l2cw=8 iwidth=1 cbs=16 pn=2 ]
Information: Evaluating point: [ ics=2048 dcs=2048 l2cs=32768 icw=4 dcw=2 l2cw=8 iwidth=1 cbs=16 pn=16 ]
Information: Evaluating point: [ ics=2048 dcs=2048 l2cs=32768 icw=4 dcw=2 l2cw=8 iwidth=8 cbs=16 pn=2 ]
Information: Evaluating point: [ ics=2048 dcs=2048 l2cs=32768 icw=4 dcw=2 l2cw=8 iwidth=8 cbs=16 pn=16 ]
Information: Evaluating point: [ ics=2048 dcs=2048 l2cs=32768 icw=4 dcw=2 l2cw=8 iwidth=8 cbs=16 pn=2 ]
Information: Evaluating point: [ ics=2048 dcs=2048 l2cs=32768 icw=4 dcw=2 l2cw=8 iwidth=8 cbs=16 pn=16 ]
Information: Evaluating point: [ ics=2048 dcs=2048 l2cs=32768 icw=4 dcw=8 l2cw=2 iwidth=1 cbs=16 pn=2 ]
Information: Evaluating point: [ ics=2048 dcs=2048 l2cs=32768 icw=4 dcw=8 l2cw=2 iwidth=1 cbs=16 pn=16 ]
Information: Evaluating point: [ ics=2048 dcs=2048 l2cs=32768 icw=4 dcw=8 l2cw=2 iwidth=1 cbs=16 pn=2 ]
Information: Evaluating point: [ ics=2048 dcs=2048 l2cs=32768 icw=4 dcw=8 l2cw=2 iwidth=1 cbs=16 pn=16 ]
Information: Evaluating point: [ ics=2048 dcs=2048 l2cs=32768 icw=4 dcw=8 l2cw=2 iwidth=8 cbs=16 pn=2 ]
Information: Evaluating point: [ ics=2048 dcs=2048 l2cs=32768 icw=4 dcw=8 l2cw=2 iwidth=8 cbs=16 pn=16 ]
Information: Evaluating point: [ ics=2048 dcs=2048 l2cs=32768 icw=4 dcw=8 l2cw=2 iwidth=8 cbs=16 pn=2 ]
Information: Evaluating point: [ ics=2048 dcs=2048 l2cs=32768 icw=4 dcw=8 l2cw=2 iwidth=8 cbs=16 pn=16 ]
Information: Evaluating point: [ ics=2048 dcs=2048 l2cs=32768 icw=4 dcw=8 l2cw=8 iwidth=1 cbs=16 pn=2 ]
Information: Evaluating point: [ ics=2048 dcs=2048 l2cs=32768 icw=4 dcw=8 l2cw=8 iwidth=1 cbs=16 pn=16 ]
Information: Evaluating point: [ ics=2048 dcs=2048 l2cs=32768 icw=4 dcw=8 l2cw=8 iwidth=1 cbs=16 pn=2 ]
Information: Evaluating point: [ ics=2048 dcs=2048 l2cs=32768 icw=4 dcw=8 l2cw=8 iwidth=1 cbs=16 pn=16 ]
Information: Evaluating point: [ ics=2048 dcs=2048 l2cs=32768 icw=4 dcw=8 l2cw=8 iwidth=8 cbs=16 pn=2 ]
Information: Evaluating point: [ ics=2048 dcs=2048 l2cs=32768 icw=4 dcw=8 l2cw=8 iwidth=8 cbs=16 pn=16 ]
Information: Evaluating point: [ ics=2048 dcs=2048 l2cs=32768 icw=4 dcw=8 l2cw=8 iwidth=8 cbs=16 pn=2 ]
Information: Evaluating point: [ ics=2048 dcs=2048 l2cs=32768 icw=4 dcw=8 l2cw=8 iwidth=8 cbs=16 pn=16 ]
Information: Evaluating point: [ ics=2048 dcs=2048 l2cs=262144 icw=1 dcw=2 l2cw=2 iwidth=1 cbs=16 pn=2 ]
Information: Evaluating point: [ ics=2048 dcs=2048 l2cs=262144 icw=1 dcw=2 l2cw=2 iwidth=1 cbs=16 pn=16 ]
Information: Evaluating point: [ ics=2048 dcs=2048 l2cs=262144 icw=1 dcw=2 l2cw=2 iwidth=1 cbs=16 pn=2 ]
Information: Evaluating point: [ ics=2048 dcs=2048 l2cs=262144 icw=1 dcw=2 l2cw=2 iwidth=1 cbs=16 pn=16 ]
Information: Evaluating point: [ ics=2048 dcs=2048 l2cs=262144 icw=1 dcw=2 l2cw=2 iwidth=8 cbs=16 pn=2 ]
Information: Evaluating point: [ ics=2048 dcs=2048 l2cs=262144 icw=1 dcw=2 l2cw=2 iwidth=8 cbs=16 pn=16 ]
Information: Evaluating point: [ ics=2048 dcs=2048 l2cs=262144 icw=1 dcw=2 l2cw=2 iwidth=8 cbs=16 pn=2 ]
Information: Evaluating point: [ ics=2048 dcs=2048 l2cs=262144 icw=1 dcw=2 l2cw=2 iwidth=8 cbs=16 pn=16 ]
Information: Evaluating point: [ ics=2048 dcs=2048 l2cs=262144 icw=1 dcw=2 l2cw=8 iwidth=1 cbs=16 pn=2 ]
Information: Evaluating point: [ ics=2048 dcs=2048 l2cs=262144 icw=1 dcw=2 l2cw=8 iwidth=1 cbs=16 pn=16 ]
Information: Evaluating point: [ ics=2048 dcs=2048 l2cs=262144 icw=1 dcw=2 l2cw=8 iwidth=1 cbs=16 pn=2 ]
Information: Evaluating point: [ ics=2048 dcs=2048 l2cs=262144 icw=1 dcw=2 l2cw=8 iwidth=1 cbs=16 pn=16 ]
Information: Evaluating point: [ ics=2048 dcs=2048 l2cs=262144 icw=1 dcw=2 l2cw=8 iwidth=8 cbs=16 pn=2 ]
Information: Evaluating point: [ ics=2048 dcs=2048 l2cs=262144 icw=1 dcw=2 l2cw=8 iwidth=8 cbs=16 pn=16 ]
Information: Evaluating point: [ ics=2048 dcs=2048 l2cs=262144 icw=1 dcw=2 l2cw=8 iwidth=8 cbs=16 pn=2 ]
Information: Evaluating point: [ ics=2048 dcs=2048 l2cs=262144 icw=1 dcw=2 l2cw=8 iwidth=8 cbs=16 pn=16 ]
Information: Evaluating point: [ ics=2048 dcs=2048 l2cs=262144 icw=1 dcw=8 l2cw=2 iwidth=1 cbs=16 pn=2 ]
Information: Evaluating point: [ ics=2048 dcs=2048 l2cs=262144 icw=1 dcw=8 l2cw=2 iwidth=1 cbs=16 pn=16 ]
Information: Evaluating point: [ ics=2048 dcs=2048 l2cs=262144 icw=1 dcw=8 l2cw=2 iwidth=1 cbs=16 pn=2 ]
Information: Evaluating point: [ ics=2048 dcs=2048 l2cs=262144 icw=1 dcw=8 l2cw=2 iwidth=1 cbs=16 pn=16 ]
Information: Evaluating point: [ ics=2048 dcs=2048 l2cs=262144 icw=1 dcw=8 l2cw=2 iwidth=8 cbs=16 pn=2 ]
Information: Evaluating point: [ ics=2048 dcs=2048 l2cs=262144 icw=1 dcw=8 l2cw=2 iwidth=8 cbs=16 pn=16 ]
Information: Evaluating point: [ ics=2048 dcs=2048 l2cs=262144 icw=1 dcw=8 l2cw=2 iwidth=8 cbs=16 pn=2 ]
Information: Evaluating point: [ ics=2048 dcs=2048 l2cs=262144 icw=1 dcw=8 l2cw=2 iwidth=8 cbs=16 pn=16 ]
Information: Evaluating point: [ ics=2048 dcs=2048 l2cs=262144 icw=1 dcw=8 l2cw=8 iwidth=1 cbs=16 pn=2 ]
Information: Evaluating point: [ ics=2048 dcs=2048 l2cs=262144 icw=1 dcw=8 l2cw=8 iwidth=1 cbs=16 pn=16 ]
Information: Evaluating point: [ ics=2048 dcs=2048 l2cs=262144 icw=1 dcw=8 l2cw=8 iwidth=1 cbs=16 pn=2 ]
Information: Evaluating point: [ ics=2048 dcs=2048 l2cs=262144 icw=1 dcw=8 l2cw=8 iwidth=1 cbs=16 pn=16 ]
Information: Evaluating point: [ ics=2048 dcs=2048 l2cs=262144 icw=1 dcw=8 l2cw=8 iwidth=8 cbs=16 pn=2 ]
Information: Evaluating point: [ ics=2048 dcs=2048 l2cs=262144 icw=1 dcw=8 l2cw=8 iwidth=8 cbs=16 pn=16 ]
Information: Evaluating point: [ ics=2048 dcs=2048 l2cs=262144 icw=1 dcw=8 l2cw=8 iwidth=8 cbs=16 pn=2 ]
Information: Evaluating point: [ ics=2048 dcs=2048 l2cs=262144 icw=1 dcw=8 l2cw=8 iwidth=8 cbs=16 pn=16 ]
Information: Evaluating point: [ ics=2048 dcs=2048 l2cs=262144 icw=4 dcw=2 l2cw=2 iwidth=1 cbs=16 pn=2 ]
Information: Evaluating point: [ ics=2048 dcs=2048 l2cs=262144 icw=4 dcw=2 l2cw=2 iwidth=1 cbs=16 pn=16 ]
Information: Evaluating point: [ ics=2048 dcs=2048 l2cs=262144 icw=4 dcw=2 l2cw=2 iwidth=1 cbs=16 pn=2 ]
Information: Evaluating point: [ ics=2048 dcs=2048 l2cs=262144 icw=4 dcw=2 l2cw=2 iwidth=1 cbs=16 pn=16 ]
Information: Evaluating point: [ ics=2048 dcs=2048 l2cs=262144 icw=4 dcw=2 l2cw=2 iwidth=8 cbs=16 pn=2 ]
Information: Evaluating point: [ ics=2048 dcs=2048 l2cs=262144 icw=4 dcw=2 l2cw=2 iwidth=8 cbs=16 pn=16 ]
Information: Evaluating point: [ ics=2048 dcs=2048 l2cs=262144 icw=4 dcw=2 l2cw=2 iwidth=8 cbs=16 pn=2 ]
Information: Evaluating point: [ ics=2048 dcs=2048 l2cs=262144 icw=4 dcw=2 l2cw=2 iwidth=8 cbs=16 pn=16 ]
Information: Evaluating point: [ ics=2048 dcs=2048 l2cs=262144 icw=4 dcw=2 l2cw=8 iwidth=1 cbs=16 pn=2 ]
Information: Evaluating point: [ ics=2048 dcs=2048 l2cs=262144 icw=4 dcw=2 l2cw=8 iwidth=1 cbs=16 pn=16 ]
Information: Evaluating point: [ ics=2048 dcs=2048 l2cs=262144 icw=4 dcw=2 l2cw=8 iwidth=1 cbs=16 pn=2 ]
Information: Evaluating point: [ ics=2048 dcs=2048 l2cs=262144 icw=4 dcw=2 l2cw=8 iwidth=1 cbs=16 pn=16 ]
Information: Evaluating point: [ ics=2048 dcs=2048 l2cs=262144 icw=4 dcw=2 l2cw=8 iwidth=8 cbs=16 pn=2 ]
Information: Evaluating point: [ ics=2048 dcs=2048 l2cs=262144 icw=4 dcw=2 l2cw=8 iwidth=8 cbs=16 pn=16 ]
Information: Evaluating point: [ ics=2048 dcs=2048 l2cs=262144 icw=4 dcw=2 l2cw=8 iwidth=8 cbs=16 pn=2 ]
Information: Evaluating point: [ ics=2048 dcs=2048 l2cs=262144 icw=4 dcw=2 l2cw=8 iwidth=8 cbs=16 pn=16 ]
Information: Evaluating point: [ ics=2048 dcs=2048 l2cs=262144 icw=4 dcw=8 l2cw=2 iwidth=1 cbs=16 pn=2 ]
Information: Evaluating point: [ ics=2048 dcs=2048 l2cs=262144 icw=4 dcw=8 l2cw=2 iwidth=1 cbs=16 pn=16 ]
Information: Evaluating point: [ ics=2048 dcs=2048 l2cs=262144 icw=4 dcw=8 l2cw=2 iwidth=1 cbs=16 pn=2 ]
Information: Evaluating point: [ ics=2048 dcs=2048 l2cs=262144 icw=4 dcw=8 l2cw=2 iwidth=1 cbs=16 pn=16 ]
Information: Evaluating point: [ ics=2048 dcs=2048 l2cs=262144 icw=4 dcw=8 l2cw=2 iwidth=8 cbs=16 pn=2 ]
Information: Evaluating point: [ ics=2048 dcs=2048 l2cs=262144 icw=4 dcw=8 l2cw=2 iwidth=8 cbs=16 pn=16 ]
Information: Evaluating point: [ ics=2048 dcs=2048 l2cs=262144 icw=4 dcw=8 l2cw=2 iwidth=8 cbs=16 pn=2 ]
Information: Evaluating point: [ ics=2048 dcs=2048 l2cs=262144 icw=4 dcw=8 l2cw=2 iwidth=8 cbs=16 pn=16 ]
Information: Evaluating point: [ ics=2048 dcs=2048 l2cs=262144 icw=4 dcw=8 l2cw=8 iwidth=1 cbs=16 pn=2 ]
Information: Evaluating point: [ ics=2048 dcs=2048 l2cs=262144 icw=4 dcw=8 l2cw=8 iwidth=1 cbs=16 pn=16 ]
Information: Evaluating point: [ ics=2048 dcs=2048 l2cs=262144 icw=4 dcw=8 l2cw=8 iwidth=1 cbs=16 pn=2 ]
Information: Evaluating point: [ ics=2048 dcs=2048 l2cs=262144 icw=4 dcw=8 l2cw=8 iwidth=1 cbs=16 pn=16 ]
Information: Evaluating point: [ ics=2048 dcs=2048 l2cs=262144 icw=4 dcw=8 l2cw=8 iwidth=8 cbs=16 pn=2 ]
Information: Evaluating point: [ ics=2048 dcs=2048 l2cs=262144 icw=4 dcw=8 l2cw=8 iwidth=8 cbs=16 pn=16 ]
Information: Evaluating point: [ ics=2048 dcs=2048 l2cs=262144 icw=4 dcw=8 l2cw=8 iwidth=8 cbs=16 pn=2 ]
Information: Evaluating point: [ ics=2048 dcs=2048 l2cs=262144 icw=4 dcw=8 l2cw=8 iwidth=8 cbs=16 pn=16 ]
Information: Evaluating point: [ ics=2048 dcs=16384 l2cs=32768 icw=1 dcw=2 l2cw=2 iwidth=1 cbs=16 pn=2 ]
Information: Evaluating point: [ ics=2048 dcs=16384 l2cs=32768 icw=1 dcw=2 l2cw=2 iwidth=1 cbs=16 pn=16 ]
Information: Evaluating point: [ ics=2048 dcs=16384 l2cs=32768 icw=1 dcw=2 l2cw=2 iwidth=1 cbs=16 pn=2 ]
Information: Evaluating point: [ ics=2048 dcs=16384 l2cs=32768 icw=1 dcw=2 l2cw=2 iwidth=1 cbs=16 pn=16 ]
Information: Evaluating point: [ ics=2048 dcs=16384 l2cs=32768 icw=1 dcw=2 l2cw=2 iwidth=8 cbs=16 pn=2 ]
Information: Evaluating point: [ ics=2048 dcs=16384 l2cs=32768 icw=1 dcw=2 l2cw=2 iwidth=8 cbs=16 pn=16 ]
Information: Evaluating point: [ ics=2048 dcs=16384 l2cs=32768 icw=1 dcw=2 l2cw=2 iwidth=8 cbs=16 pn=2 ]
Information: Evaluating point: [ ics=2048 dcs=16384 l2cs=32768 icw=1 dcw=2 l2cw=2 iwidth=8 cbs=16 pn=16 ]
Information: Evaluating point: [ ics=2048 dcs=16384 l2cs=32768 icw=1 dcw=2 l2cw=8 iwidth=1 cbs=16 pn=2 ]
Information: Evaluating point: [ ics=2048 dcs=16384 l2cs=32768 icw=1 dcw=2 l2cw=8 iwidth=1 cbs=16 pn=16 ]
Information: Evaluating point: [ ics=2048 dcs=16384 l2cs=32768 icw=1 dcw=2 l2cw=8 iwidth=1 cbs=16 pn=2 ]
Information: Evaluating point: [ ics=2048 dcs=16384 l2cs=32768 icw=1 dcw=2 l2cw=8 iwidth=1 cbs=16 pn=16 ]
Information: Evaluating point: [ ics=2048 dcs=16384 l2cs=32768 icw=1 dcw=2 l2cw=8 iwidth=8 cbs=16 pn=2 ]
Information: Evaluating point: [ ics=2048 dcs=16384 l2cs=32768 icw=1 dcw=2 l2cw=8 iwidth=8 cbs=16 pn=16 ]
Information: Evaluating point: [ ics=2048 dcs=16384 l2cs=32768 icw=1 dcw=2 l2cw=8 iwidth=8 cbs=16 pn=2 ]
Information: Evaluating point: [ ics=2048 dcs=16384 l2cs=32768 icw=1 dcw=2 l2cw=8 iwidth=8 cbs=16 pn=16 ]
Information: Evaluating point: [ ics=2048 dcs=16384 l2cs=32768 icw=1 dcw=8 l2cw=2 iwidth=1 cbs=16 pn=2 ]
Information: Evaluating point: [ ics=2048 dcs=16384 l2cs=32768 icw=1 dcw=8 l2cw=2 iwidth=1 cbs=16 pn=16 ]
Information: Evaluating point: [ ics=2048 dcs=16384 l2cs=32768 icw=1 dcw=8 l2cw=2 iwidth=1 cbs=16 pn=2 ]
Information: Evaluating point: [ ics=2048 dcs=16384 l2cs=32768 icw=1 dcw=8 l2cw=2 iwidth=1 cbs=16 pn=16 ]
Information: Evaluating point: [ ics=2048 dcs=16384 l2cs=32768 icw=1 dcw=8 l2cw=2 iwidth=8 cbs=16 pn=2 ]
Information: Evaluating point: [ ics=2048 dcs=16384 l2cs=32768 icw=1 dcw=8 l2cw=2 iwidth=8 cbs=16 pn=16 ]
Information: Evaluating point: [ ics=2048 dcs=16384 l2cs=32768 icw=1 dcw=8 l2cw=2 iwidth=8 cbs=16 pn=2 ]
Information: Evaluating point: [ ics=2048 dcs=16384 l2cs=32768 icw=1 dcw=8 l2cw=2 iwidth=8 cbs=16 pn=16 ]
Information: Evaluating point: [ ics=2048 dcs=16384 l2cs=32768 icw=1 dcw=8 l2cw=8 iwidth=1 cbs=16 pn=2 ]
Information: Evaluating point: [ ics=2048 dcs=16384 l2cs=32768 icw=1 dcw=8 l2cw=8 iwidth=1 cbs=16 pn=16 ]
Information: Evaluating point: [ ics=2048 dcs=16384 l2cs=32768 icw=1 dcw=8 l2cw=8 iwidth=1 cbs=16 pn=2 ]
Information: Evaluating point: [ ics=2048 dcs=16384 l2cs=32768 icw=1 dcw=8 l2cw=8 iwidth=1 cbs=16 pn=16 ]
Information: Evaluating point: [ ics=2048 dcs=16384 l2cs=32768 icw=1 dcw=8 l2cw=8 iwidth=8 cbs=16 pn=2 ]
Information: Evaluating point: [ ics=2048 dcs=16384 l2cs=32768 icw=1 dcw=8 l2cw=8 iwidth=8 cbs=16 pn=16 ]
Information: Evaluating point: [ ics=2048 dcs=16384 l2cs=32768 icw=1 dcw=8 l2cw=8 iwidth=8 cbs=16 pn=2 ]
Information: Evaluating point: [ ics=2048 dcs=16384 l2cs=32768 icw=1 dcw=8 l2cw=8 iwidth=8 cbs=16 pn=16 ]
Information: Evaluating point: [ ics=2048 dcs=16384 l2cs=32768 icw=4 dcw=2 l2cw=2 iwidth=1 cbs=16 pn=2 ]
Information: Evaluating point: [ ics=2048 dcs=16384 l2cs=32768 icw=4 dcw=2 l2cw=2 iwidth=1 cbs=16 pn=16 ]
Information: Evaluating point: [ ics=2048 dcs=16384 l2cs=32768 icw=4 dcw=2 l2cw=2 iwidth=1 cbs=16 pn=2 ]
Information: Evaluating point: [ ics=2048 dcs=16384 l2cs=32768 icw=4 dcw=2 l2cw=2 iwidth=1 cbs=16 pn=16 ]
Information: Evaluating point: [ ics=2048 dcs=16384 l2cs=32768 icw=4 dcw=2 l2cw=2 iwidth=8 cbs=16 pn=2 ]
Information: Evaluating point: [ ics=2048 dcs=16384 l2cs=32768 icw=4 dcw=2 l2cw=2 iwidth=8 cbs=16 pn=16 ]
Information: Evaluating point: [ ics=2048 dcs=16384 l2cs=32768 icw=4 dcw=2 l2cw=2 iwidth=8 cbs=16 pn=2 ]
Information: Evaluating point: [ ics=2048 dcs=16384 l2cs=32768 icw=4 dcw=2 l2cw=2 iwidth=8 cbs=16 pn=16 ]
Information: Evaluating point: [ ics=2048 dcs=16384 l2cs=32768 icw=4 dcw=2 l2cw=8 iwidth=1 cbs=16 pn=2 ]
Information: Evaluating point: [ ics=2048 dcs=16384 l2cs=32768 icw=4 dcw=2 l2cw=8 iwidth=1 cbs=16 pn=16 ]
Information: Evaluating point: [ ics=2048 dcs=16384 l2cs=32768 icw=4 dcw=2 l2cw=8 iwidth=1 cbs=16 pn=2 ]
Information: Evaluating point: [ ics=2048 dcs=16384 l2cs=32768 icw=4 dcw=2 l2cw=8 iwidth=1 cbs=16 pn=16 ]
Information: Evaluating point: [ ics=2048 dcs=16384 l2cs=32768 icw=4 dcw=2 l2cw=8 iwidth=8 cbs=16 pn=2 ]
Information: Evaluating point: [ ics=2048 dcs=16384 l2cs=32768 icw=4 dcw=2 l2cw=8 iwidth=8 cbs=16 pn=16 ]
Information: Evaluating point: [ ics=2048 dcs=16384 l2cs=32768 icw=4 dcw=2 l2cw=8 iwidth=8 cbs=16 pn=2 ]
Information: Evaluating point: [ ics=2048 dcs=16384 l2cs=32768 icw=4 dcw=2 l2cw=8 iwidth=8 cbs=16 pn=16 ]
Information: Evaluating point: [ ics=2048 dcs=16384 l2cs=32768 icw=4 dcw=8 l2cw=2 iwidth=1 cbs=16 pn=2 ]
Information: Evaluating point: [ ics=2048 dcs=16384 l2cs=32768 icw=4 dcw=8 l2cw=2 iwidth=1 cbs=16 pn=16 ]
Information: Evaluating point: [ ics=2048 dcs=16384 l2cs=32768 icw=4 dcw=8 l2cw=2 iwidth=1 cbs=16 pn=2 ]
Information: Evaluating point: [ ics=2048 dcs=16384 l2cs=32768 icw=4 dcw=8 l2cw=2 iwidth=1 cbs=16 pn=16 ]
Information: Evaluating point: [ ics=2048 dcs=16384 l2cs=32768 icw=4 dcw=8 l2cw=2 iwidth=8 cbs=16 pn=2 ]
Information: Evaluating point: [ ics=2048 dcs=16384 l2cs=32768 icw=4 dcw=8 l2cw=2 iwidth=8 cbs=16 pn=16 ]
Information: Evaluating point: [ ics=2048 dcs=16384 l2cs=32768 icw=4 dcw=8 l2cw=2 iwidth=8 cbs=16 pn=2 ]
Information: Evaluating point: [ ics=2048 dcs=16384 l2cs=32768 icw=4 dcw=8 l2cw=2 iwidth=8 cbs=16 pn=16 ]
Information: Evaluating point: [ ics=2048 dcs=16384 l2cs=32768 icw=4 dcw=8 l2cw=8 iwidth=1 cbs=16 pn=2 ]
Information: Evaluating point: [ ics=2048 dcs=16384 l2cs=32768 icw=4 dcw=8 l2cw=8 iwidth=1 cbs=16 pn=16 ]
Information: Evaluating point: [ ics=2048 dcs=16384 l2cs=32768 icw=4 dcw=8 l2cw=8 iwidth=1 cbs=16 pn=2 ]
Information: Evaluating point: [ ics=2048 dcs=16384 l2cs=32768 icw=4 dcw=8 l2cw=8 iwidth=1 cbs=16 pn=16 ]
Information: Evaluating point: [ ics=2048 dcs=16384 l2cs=32768 icw=4 dcw=8 l2cw=8 iwidth=8 cbs=16 pn=2 ]
Information: Evaluating point: [ ics=2048 dcs=16384 l2cs=32768 icw=4 dcw=8 l2cw=8 iwidth=8 cbs=16 pn=16 ]
Information: Evaluating point: [ ics=2048 dcs=16384 l2cs=32768 icw=4 dcw=8 l2cw=8 iwidth=8 cbs=16 pn=2 ]
Information: Evaluating point: [ ics=2048 dcs=16384 l2cs=32768 icw=4 dcw=8 l2cw=8 iwidth=8 cbs=16 pn=16 ]
Information: Evaluating point: [ ics=2048 dcs=16384 l2cs=262144 icw=1 dcw=2 l2cw=2 iwidth=1 cbs=16 pn=2 ]
Information: Evaluating point: [ ics=2048 dcs=16384 l2cs=262144 icw=1 dcw=2 l2cw=2 iwidth=1 cbs=16 pn=16 ]
Information: Evaluating point: [ ics=2048 dcs=16384 l2cs=262144 icw=1 dcw=2 l2cw=2 iwidth=1 cbs=16 pn=2 ]
Information: Evaluating point: [ ics=2048 dcs=16384 l2cs=262144 icw=1 dcw=2 l2cw=2 iwidth=1 cbs=16 pn=16 ]
Information: Evaluating point: [ ics=2048 dcs=16384 l2cs=262144 icw=1 dcw=2 l2cw=2 iwidth=8 cbs=16 pn=2 ]
Information: Evaluating point: [ ics=2048 dcs=16384 l2cs=262144 icw=1 dcw=2 l2cw=2 iwidth=8 cbs=16 pn=16 ]
Information: Evaluating point: [ ics=2048 dcs=16384 l2cs=262144 icw=1 dcw=2 l2cw=2 iwidth=8 cbs=16 pn=2 ]
Information: Evaluating point: [ ics=2048 dcs=16384 l2cs=262144 icw=1 dcw=2 l2cw=2 iwidth=8 cbs=16 pn=16 ]
Information: Evaluating point: [ ics=2048 dcs=16384 l2cs=262144 icw=1 dcw=2 l2cw=8 iwidth=1 cbs=16 pn=2 ]
Information: Evaluating point: [ ics=2048 dcs=16384 l2cs=262144 icw=1 dcw=2 l2cw=8 iwidth=1 cbs=16 pn=16 ]
Information: Evaluating point: [ ics=2048 dcs=16384 l2cs=262144 icw=1 dcw=2 l2cw=8 iwidth=1 cbs=16 pn=2 ]
Information: Evaluating point: [ ics=2048 dcs=16384 l2cs=262144 icw=1 dcw=2 l2cw=8 iwidth=1 cbs=16 pn=16 ]
Information: Evaluating point: [ ics=2048 dcs=16384 l2cs=262144 icw=1 dcw=2 l2cw=8 iwidth=8 cbs=16 pn=2 ]
Information: Evaluating point: [ ics=2048 dcs=16384 l2cs=262144 icw=1 dcw=2 l2cw=8 iwidth=8 cbs=16 pn=16 ]
Information: Evaluating point: [ ics=2048 dcs=16384 l2cs=262144 icw=1 dcw=2 l2cw=8 iwidth=8 cbs=16 pn=2 ]
Information: Evaluating point: [ ics=2048 dcs=16384 l2cs=262144 icw=1 dcw=2 l2cw=8 iwidth=8 cbs=16 pn=16 ]
Information: Evaluating point: [ ics=2048 dcs=16384 l2cs=262144 icw=1 dcw=8 l2cw=2 iwidth=1 cbs=16 pn=2 ]
Information: Evaluating point: [ ics=2048 dcs=16384 l2cs=262144 icw=1 dcw=8 l2cw=2 iwidth=1 cbs=16 pn=16 ]
Information: Evaluating point: [ ics=2048 dcs=16384 l2cs=262144 icw=1 dcw=8 l2cw=2 iwidth=1 cbs=16 pn=2 ]
Information: Evaluating point: [ ics=2048 dcs=16384 l2cs=262144 icw=1 dcw=8 l2cw=2 iwidth=1 cbs=16 pn=16 ]
Information: Evaluating point: [ ics=2048 dcs=16384 l2cs=262144 icw=1 dcw=8 l2cw=2 iwidth=8 cbs=16 pn=2 ]
Information: Evaluating point: [ ics=2048 dcs=16384 l2cs=262144 icw=1 dcw=8 l2cw=2 iwidth=8 cbs=16 pn=16 ]
Information: Evaluating point: [ ics=2048 dcs=16384 l2cs=262144 icw=1 dcw=8 l2cw=2 iwidth=8 cbs=16 pn=2 ]
Information: Evaluating point: [ ics=2048 dcs=16384 l2cs=262144 icw=1 dcw=8 l2cw=2 iwidth=8 cbs=16 pn=16 ]
Information: Evaluating point: [ ics=2048 dcs=16384 l2cs=262144 icw=1 dcw=8 l2cw=8 iwidth=1 cbs=16 pn=2 ]
Information: Evaluating point: [ ics=2048 dcs=16384 l2cs=262144 icw=1 dcw=8 l2cw=8 iwidth=1 cbs=16 pn=16 ]
Information: Evaluating point: [ ics=2048 dcs=16384 l2cs=262144 icw=1 dcw=8 l2cw=8 iwidth=1 cbs=16 pn=2 ]
Information: Evaluating point: [ ics=2048 dcs=16384 l2cs=262144 icw=1 dcw=8 l2cw=8 iwidth=1 cbs=16 pn=16 ]
Information: Evaluating point: [ ics=2048 dcs=16384 l2cs=262144 icw=1 dcw=8 l2cw=8 iwidth=8 cbs=16 pn=2 ]
Information: Evaluating point: [ ics=2048 dcs=16384 l2cs=262144 icw=1 dcw=8 l2cw=8 iwidth=8 cbs=16 pn=16 ]
Information: Evaluating point: [ ics=2048 dcs=16384 l2cs=262144 icw=1 dcw=8 l2cw=8 iwidth=8 cbs=16 pn=2 ]
Information: Evaluating point: [ ics=2048 dcs=16384 l2cs=262144 icw=1 dcw=8 l2cw=8 iwidth=8 cbs=16 pn=16 ]
Information: Evaluating point: [ ics=2048 dcs=16384 l2cs=262144 icw=4 dcw=2 l2cw=2 iwidth=1 cbs=16 pn=2 ]
Information: Evaluating point: [ ics=2048 dcs=16384 l2cs=262144 icw=4 dcw=2 l2cw=2 iwidth=1 cbs=16 pn=16 ]
Information: Evaluating point: [ ics=2048 dcs=16384 l2cs=262144 icw=4 dcw=2 l2cw=2 iwidth=1 cbs=16 pn=2 ]
Information: Evaluating point: [ ics=2048 dcs=16384 l2cs=262144 icw=4 dcw=2 l2cw=2 iwidth=1 cbs=16 pn=16 ]
Information: Evaluating point: [ ics=2048 dcs=16384 l2cs=262144 icw=4 dcw=2 l2cw=2 iwidth=8 cbs=16 pn=2 ]
Information: Evaluating point: [ ics=2048 dcs=16384 l2cs=262144 icw=4 dcw=2 l2cw=2 iwidth=8 cbs=16 pn=16 ]
Information: Evaluating point: [ ics=2048 dcs=16384 l2cs=262144 icw=4 dcw=2 l2cw=2 iwidth=8 cbs=16 pn=2 ]
Information: Evaluating point: [ ics=2048 dcs=16384 l2cs=262144 icw=4 dcw=2 l2cw=2 iwidth=8 cbs=16 pn=16 ]
Information: Evaluating point: [ ics=2048 dcs=16384 l2cs=262144 icw=4 dcw=2 l2cw=8 iwidth=1 cbs=16 pn=2 ]
Information: Evaluating point: [ ics=2048 dcs=16384 l2cs=262144 icw=4 dcw=2 l2cw=8 iwidth=1 cbs=16 pn=16 ]
Information: Evaluating point: [ ics=2048 dcs=16384 l2cs=262144 icw=4 dcw=2 l2cw=8 iwidth=1 cbs=16 pn=2 ]
Information: Evaluating point: [ ics=2048 dcs=16384 l2cs=262144 icw=4 dcw=2 l2cw=8 iwidth=1 cbs=16 pn=16 ]
Information: Evaluating point: [ ics=2048 dcs=16384 l2cs=262144 icw=4 dcw=2 l2cw=8 iwidth=8 cbs=16 pn=2 ]
Information: Evaluating point: [ ics=2048 dcs=16384 l2cs=262144 icw=4 dcw=2 l2cw=8 iwidth=8 cbs=16 pn=16 ]
Information: Evaluating point: [ ics=2048 dcs=16384 l2cs=262144 icw=4 dcw=2 l2cw=8 iwidth=8 cbs=16 pn=2 ]
Information: Evaluating point: [ ics=2048 dcs=16384 l2cs=262144 icw=4 dcw=2 l2cw=8 iwidth=8 cbs=16 pn=16 ]
Information: Evaluating point: [ ics=2048 dcs=16384 l2cs=262144 icw=4 dcw=8 l2cw=2 iwidth=1 cbs=16 pn=2 ]
Information: Evaluating point: [ ics=2048 dcs=16384 l2cs=262144 icw=4 dcw=8 l2cw=2 iwidth=1 cbs=16 pn=16 ]
Information: Evaluating point: [ ics=2048 dcs=16384 l2cs=262144 icw=4 dcw=8 l2cw=2 iwidth=1 cbs=16 pn=2 ]
Information: Evaluating point: [ ics=2048 dcs=16384 l2cs=262144 icw=4 dcw=8 l2cw=2 iwidth=1 cbs=16 pn=16 ]
Information: Evaluating point: [ ics=2048 dcs=16384 l2cs=262144 icw=4 dcw=8 l2cw=2 iwidth=8 cbs=16 pn=2 ]
Information: Evaluating point: [ ics=2048 dcs=16384 l2cs=262144 icw=4 dcw=8 l2cw=2 iwidth=8 cbs=16 pn=16 ]
Information: Evaluating point: [ ics=2048 dcs=16384 l2cs=262144 icw=4 dcw=8 l2cw=2 iwidth=8 cbs=16 pn=2 ]
Information: Evaluating point: [ ics=2048 dcs=16384 l2cs=262144 icw=4 dcw=8 l2cw=2 iwidth=8 cbs=16 pn=16 ]
Information: Evaluating point: [ ics=2048 dcs=16384 l2cs=262144 icw=4 dcw=8 l2cw=8 iwidth=1 cbs=16 pn=2 ]
Information: Evaluating point: [ ics=2048 dcs=16384 l2cs=262144 icw=4 dcw=8 l2cw=8 iwidth=1 cbs=16 pn=16 ]
Information: Evaluating point: [ ics=2048 dcs=16384 l2cs=262144 icw=4 dcw=8 l2cw=8 iwidth=1 cbs=16 pn=2 ]
Information: Evaluating point: [ ics=2048 dcs=16384 l2cs=262144 icw=4 dcw=8 l2cw=8 iwidth=1 cbs=16 pn=16 ]
Information: Evaluating point: [ ics=2048 dcs=16384 l2cs=262144 icw=4 dcw=8 l2cw=8 iwidth=8 cbs=16 pn=2 ]
Information: Evaluating point: [ ics=2048 dcs=16384 l2cs=262144 icw=4 dcw=8 l2cw=8 iwidth=8 cbs=16 pn=16 ]
Information: Evaluating point: [ ics=2048 dcs=16384 l2cs=262144 icw=4 dcw=8 l2cw=8 iwidth=8 cbs=16 pn=2 ]
Information: Evaluating point: [ ics=2048 dcs=16384 l2cs=262144 icw=4 dcw=8 l2cw=8 iwidth=8 cbs=16 pn=16 ]
Information: Evaluating point: [ ics=16384 dcs=2048 l2cs=32768 icw=1 dcw=2 l2cw=2 iwidth=1 cbs=16 pn=2 ]
Information: Evaluating point: [ ics=16384 dcs=2048 l2cs=32768 icw=1 dcw=2 l2cw=2 iwidth=1 cbs=16 pn=16 ]
Information: Evaluating point: [ ics=16384 dcs=2048 l2cs=32768 icw=1 dcw=2 l2cw=2 iwidth=1 cbs=16 pn=2 ]
Information: Evaluating point: [ ics=16384 dcs=2048 l2cs=32768 icw=1 dcw=2 l2cw=2 iwidth=1 cbs=16 pn=16 ]
Information: Evaluating point: [ ics=16384 dcs=2048 l2cs=32768 icw=1 dcw=2 l2cw=2 iwidth=8 cbs=16 pn=2 ]
Information: Evaluating point: [ ics=16384 dcs=2048 l2cs=32768 icw=1 dcw=2 l2cw=2 iwidth=8 cbs=16 pn=16 ]
Information: Evaluating point: [ ics=16384 dcs=2048 l2cs=32768 icw=1 dcw=2 l2cw=2 iwidth=8 cbs=16 pn=2 ]
Information: Evaluating point: [ ics=16384 dcs=2048 l2cs=32768 icw=1 dcw=2 l2cw=2 iwidth=8 cbs=16 pn=16 ]
Information: Evaluating point: [ ics=16384 dcs=2048 l2cs=32768 icw=1 dcw=2 l2cw=8 iwidth=1 cbs=16 pn=2 ]
Information: Evaluating point: [ ics=16384 dcs=2048 l2cs=32768 icw=1 dcw=2 l2cw=8 iwidth=1 cbs=16 pn=16 ]
Information: Evaluating point: [ ics=16384 dcs=2048 l2cs=32768 icw=1 dcw=2 l2cw=8 iwidth=1 cbs=16 pn=2 ]
Information: Evaluating point: [ ics=16384 dcs=2048 l2cs=32768 icw=1 dcw=2 l2cw=8 iwidth=1 cbs=16 pn=16 ]
Information: Evaluating point: [ ics=16384 dcs=2048 l2cs=32768 icw=1 dcw=2 l2cw=8 iwidth=8 cbs=16 pn=2 ]
Information: Evaluating point: [ ics=16384 dcs=2048 l2cs=32768 icw=1 dcw=2 l2cw=8 iwidth=8 cbs=16 pn=16 ]
Information: Evaluating point: [ ics=16384 dcs=2048 l2cs=32768 icw=1 dcw=2 l2cw=8 iwidth=8 cbs=16 pn=2 ]
Information: Evaluating point: [ ics=16384 dcs=2048 l2cs=32768 icw=1 dcw=2 l2cw=8 iwidth=8 cbs=16 pn=16 ]
Information: Evaluating point: [ ics=16384 dcs=2048 l2cs=32768 icw=1 dcw=8 l2cw=2 iwidth=1 cbs=16 pn=2 ]
Information: Evaluating point: [ ics=16384 dcs=2048 l2cs=32768 icw=1 dcw=8 l2cw=2 iwidth=1 cbs=16 pn=16 ]
Information: Evaluating point: [ ics=16384 dcs=2048 l2cs=32768 icw=1 dcw=8 l2cw=2 iwidth=1 cbs=16 pn=2 ]
Information: Evaluating point: [ ics=16384 dcs=2048 l2cs=32768 icw=1 dcw=8 l2cw=2 iwidth=1 cbs=16 pn=16 ]
Information: Evaluating point: [ ics=16384 dcs=2048 l2cs=32768 icw=1 dcw=8 l2cw=2 iwidth=8 cbs=16 pn=2 ]
Information: Evaluating point: [ ics=16384 dcs=2048 l2cs=32768 icw=1 dcw=8 l2cw=2 iwidth=8 cbs=16 pn=16 ]
Information: Evaluating point: [ ics=16384 dcs=2048 l2cs=32768 icw=1 dcw=8 l2cw=2 iwidth=8 cbs=16 pn=2 ]
Information: Evaluating point: [ ics=16384 dcs=2048 l2cs=32768 icw=1 dcw=8 l2cw=2 iwidth=8 cbs=16 pn=16 ]
Information: Evaluating point: [ ics=16384 dcs=2048 l2cs=32768 icw=1 dcw=8 l2cw=8 iwidth=1 cbs=16 pn=2 ]
Information: Evaluating point: [ ics=16384 dcs=2048 l2cs=32768 icw=1 dcw=8 l2cw=8 iwidth=1 cbs=16 pn=16 ]
Information: Evaluating point: [ ics=16384 dcs=2048 l2cs=32768 icw=1 dcw=8 l2cw=8 iwidth=1 cbs=16 pn=2 ]
Information: Evaluating point: [ ics=16384 dcs=2048 l2cs=32768 icw=1 dcw=8 l2cw=8 iwidth=1 cbs=16 pn=16 ]
Information: Evaluating point: [ ics=16384 dcs=2048 l2cs=32768 icw=1 dcw=8 l2cw=8 iwidth=8 cbs=16 pn=2 ]
Information: Evaluating point: [ ics=16384 dcs=2048 l2cs=32768 icw=1 dcw=8 l2cw=8 iwidth=8 cbs=16 pn=16 ]
Information: Evaluating point: [ ics=16384 dcs=2048 l2cs=32768 icw=1 dcw=8 l2cw=8 iwidth=8 cbs=16 pn=2 ]
Information: Evaluating point: [ ics=16384 dcs=2048 l2cs=32768 icw=1 dcw=8 l2cw=8 iwidth=8 cbs=16 pn=16 ]
Information: Evaluating point: [ ics=16384 dcs=2048 l2cs=32768 icw=4 dcw=2 l2cw=2 iwidth=1 cbs=16 pn=2 ]
Information: Evaluating point: [ ics=16384 dcs=2048 l2cs=32768 icw=4 dcw=2 l2cw=2 iwidth=1 cbs=16 pn=16 ]
Information: Evaluating point: [ ics=16384 dcs=2048 l2cs=32768 icw=4 dcw=2 l2cw=2 iwidth=1 cbs=16 pn=2 ]
Information: Evaluating point: [ ics=16384 dcs=2048 l2cs=32768 icw=4 dcw=2 l2cw=2 iwidth=1 cbs=16 pn=16 ]
Information: Evaluating point: [ ics=16384 dcs=2048 l2cs=32768 icw=4 dcw=2 l2cw=2 iwidth=8 cbs=16 pn=2 ]
Information: Evaluating point: [ ics=16384 dcs=2048 l2cs=32768 icw=4 dcw=2 l2cw=2 iwidth=8 cbs=16 pn=16 ]
Information: Evaluating point: [ ics=16384 dcs=2048 l2cs=32768 icw=4 dcw=2 l2cw=2 iwidth=8 cbs=16 pn=2 ]
Information: Evaluating point: [ ics=16384 dcs=2048 l2cs=32768 icw=4 dcw=2 l2cw=2 iwidth=8 cbs=16 pn=16 ]
Information: Evaluating point: [ ics=16384 dcs=2048 l2cs=32768 icw=4 dcw=2 l2cw=8 iwidth=1 cbs=16 pn=2 ]
Information: Evaluating point: [ ics=16384 dcs=2048 l2cs=32768 icw=4 dcw=2 l2cw=8 iwidth=1 cbs=16 pn=16 ]
Information: Evaluating point: [ ics=16384 dcs=2048 l2cs=32768 icw=4 dcw=2 l2cw=8 iwidth=1 cbs=16 pn=2 ]
Information: Evaluating point: [ ics=16384 dcs=2048 l2cs=32768 icw=4 dcw=2 l2cw=8 iwidth=1 cbs=16 pn=16 ]
Information: Evaluating point: [ ics=16384 dcs=2048 l2cs=32768 icw=4 dcw=2 l2cw=8 iwidth=8 cbs=16 pn=2 ]
Information: Evaluating point: [ ics=16384 dcs=2048 l2cs=32768 icw=4 dcw=2 l2cw=8 iwidth=8 cbs=16 pn=16 ]
Information: Evaluating point: [ ics=16384 dcs=2048 l2cs=32768 icw=4 dcw=2 l2cw=8 iwidth=8 cbs=16 pn=2 ]
Information: Evaluating point: [ ics=16384 dcs=2048 l2cs=32768 icw=4 dcw=2 l2cw=8 iwidth=8 cbs=16 pn=16 ]
Information: Evaluating point: [ ics=16384 dcs=2048 l2cs=32768 icw=4 dcw=8 l2cw=2 iwidth=1 cbs=16 pn=2 ]
Information: Evaluating point: [ ics=16384 dcs=2048 l2cs=32768 icw=4 dcw=8 l2cw=2 iwidth=1 cbs=16 pn=16 ]
Information: Evaluating point: [ ics=16384 dcs=2048 l2cs=32768 icw=4 dcw=8 l2cw=2 iwidth=1 cbs=16 pn=2 ]
Information: Evaluating point: [ ics=16384 dcs=2048 l2cs=32768 icw=4 dcw=8 l2cw=2 iwidth=1 cbs=16 pn=16 ]
Information: Evaluating point: [ ics=16384 dcs=2048 l2cs=32768 icw=4 dcw=8 l2cw=2 iwidth=8 cbs=16 pn=2 ]
Information: Evaluating point: [ ics=16384 dcs=2048 l2cs=32768 icw=4 dcw=8 l2cw=2 iwidth=8 cbs=16 pn=16 ]
Information: Evaluating point: [ ics=16384 dcs=2048 l2cs=32768 icw=4 dcw=8 l2cw=2 iwidth=8 cbs=16 pn=2 ]
Information: Evaluating point: [ ics=16384 dcs=2048 l2cs=32768 icw=4 dcw=8 l2cw=2 iwidth=8 cbs=16 pn=16 ]
Information: Evaluating point: [ ics=16384 dcs=2048 l2cs=32768 icw=4 dcw=8 l2cw=8 iwidth=1 cbs=16 pn=2 ]
Information: Evaluating point: [ ics=16384 dcs=2048 l2cs=32768 icw=4 dcw=8 l2cw=8 iwidth=1 cbs=16 pn=16 ]
Information: Evaluating point: [ ics=16384 dcs=2048 l2cs=32768 icw=4 dcw=8 l2cw=8 iwidth=1 cbs=16 pn=2 ]
Information: Evaluating point: [ ics=16384 dcs=2048 l2cs=32768 icw=4 dcw=8 l2cw=8 iwidth=1 cbs=16 pn=16 ]
Information: Evaluating point: [ ics=16384 dcs=2048 l2cs=32768 icw=4 dcw=8 l2cw=8 iwidth=8 cbs=16 pn=2 ]
Information: Evaluating point: [ ics=16384 dcs=2048 l2cs=32768 icw=4 dcw=8 l2cw=8 iwidth=8 cbs=16 pn=16 ]
Information: Evaluating point: [ ics=16384 dcs=2048 l2cs=32768 icw=4 dcw=8 l2cw=8 iwidth=8 cbs=16 pn=2 ]
Information: Evaluating point: [ ics=16384 dcs=2048 l2cs=32768 icw=4 dcw=8 l2cw=8 iwidth=8 cbs=16 pn=16 ]
Information: Evaluating point: [ ics=16384 dcs=2048 l2cs=262144 icw=1 dcw=2 l2cw=2 iwidth=1 cbs=16 pn=2 ]
Information: Evaluating point: [ ics=16384 dcs=2048 l2cs=262144 icw=1 dcw=2 l2cw=2 iwidth=1 cbs=16 pn=16 ]
Information: Evaluating point: [ ics=16384 dcs=2048 l2cs=262144 icw=1 dcw=2 l2cw=2 iwidth=1 cbs=16 pn=2 ]
Information: Evaluating point: [ ics=16384 dcs=2048 l2cs=262144 icw=1 dcw=2 l2cw=2 iwidth=1 cbs=16 pn=16 ]
Information: Evaluating point: [ ics=16384 dcs=2048 l2cs=262144 icw=1 dcw=2 l2cw=2 iwidth=8 cbs=16 pn=2 ]
Information: Evaluating point: [ ics=16384 dcs=2048 l2cs=262144 icw=1 dcw=2 l2cw=2 iwidth=8 cbs=16 pn=16 ]
Information: Evaluating point: [ ics=16384 dcs=2048 l2cs=262144 icw=1 dcw=2 l2cw=2 iwidth=8 cbs=16 pn=2 ]
Information: Evaluating point: [ ics=16384 dcs=2048 l2cs=262144 icw=1 dcw=2 l2cw=2 iwidth=8 cbs=16 pn=16 ]
Information: Evaluating point: [ ics=16384 dcs=2048 l2cs=262144 icw=1 dcw=2 l2cw=8 iwidth=1 cbs=16 pn=2 ]
Information: Evaluating point: [ ics=16384 dcs=2048 l2cs=262144 icw=1 dcw=2 l2cw=8 iwidth=1 cbs=16 pn=16 ]
Information: Evaluating point: [ ics=16384 dcs=2048 l2cs=262144 icw=1 dcw=2 l2cw=8 iwidth=1 cbs=16 pn=2 ]
Information: Evaluating point: [ ics=16384 dcs=2048 l2cs=262144 icw=1 dcw=2 l2cw=8 iwidth=1 cbs=16 pn=16 ]
Information: Evaluating point: [ ics=16384 dcs=2048 l2cs=262144 icw=1 dcw=2 l2cw=8 iwidth=8 cbs=16 pn=2 ]
Information: Evaluating point: [ ics=16384 dcs=2048 l2cs=262144 icw=1 dcw=2 l2cw=8 iwidth=8 cbs=16 pn=16 ]
Information: Evaluating point: [ ics=16384 dcs=2048 l2cs=262144 icw=1 dcw=2 l2cw=8 iwidth=8 cbs=16 pn=2 ]
Information: Evaluating point: [ ics=16384 dcs=2048 l2cs=262144 icw=1 dcw=2 l2cw=8 iwidth=8 cbs=16 pn=16 ]
Information: Evaluating point: [ ics=16384 dcs=2048 l2cs=262144 icw=1 dcw=8 l2cw=2 iwidth=1 cbs=16 pn=2 ]
Information: Evaluating point: [ ics=16384 dcs=2048 l2cs=262144 icw=1 dcw=8 l2cw=2 iwidth=1 cbs=16 pn=16 ]
Information: Evaluating point: [ ics=16384 dcs=2048 l2cs=262144 icw=1 dcw=8 l2cw=2 iwidth=1 cbs=16 pn=2 ]
Information: Evaluating point: [ ics=16384 dcs=2048 l2cs=262144 icw=1 dcw=8 l2cw=2 iwidth=1 cbs=16 pn=16 ]
Information: Evaluating point: [ ics=16384 dcs=2048 l2cs=262144 icw=1 dcw=8 l2cw=2 iwidth=8 cbs=16 pn=2 ]
Information: Evaluating point: [ ics=16384 dcs=2048 l2cs=262144 icw=1 dcw=8 l2cw=2 iwidth=8 cbs=16 pn=16 ]
Information: Evaluating point: [ ics=16384 dcs=2048 l2cs=262144 icw=1 dcw=8 l2cw=2 iwidth=8 cbs=16 pn=2 ]
Information: Evaluating point: [ ics=16384 dcs=2048 l2cs=262144 icw=1 dcw=8 l2cw=2 iwidth=8 cbs=16 pn=16 ]
Information: Evaluating point: [ ics=16384 dcs=2048 l2cs=262144 icw=1 dcw=8 l2cw=8 iwidth=1 cbs=16 pn=2 ]
Information: Evaluating point: [ ics=16384 dcs=2048 l2cs=262144 icw=1 dcw=8 l2cw=8 iwidth=1 cbs=16 pn=16 ]
Information: Evaluating point: [ ics=16384 dcs=2048 l2cs=262144 icw=1 dcw=8 l2cw=8 iwidth=1 cbs=16 pn=2 ]
Information: Evaluating point: [ ics=16384 dcs=2048 l2cs=262144 icw=1 dcw=8 l2cw=8 iwidth=1 cbs=16 pn=16 ]
Information: Evaluating point: [ ics=16384 dcs=2048 l2cs=262144 icw=1 dcw=8 l2cw=8 iwidth=8 cbs=16 pn=2 ]
Information: Evaluating point: [ ics=16384 dcs=2048 l2cs=262144 icw=1 dcw=8 l2cw=8 iwidth=8 cbs=16 pn=16 ]
Information: Evaluating point: [ ics=16384 dcs=2048 l2cs=262144 icw=1 dcw=8 l2cw=8 iwidth=8 cbs=16 pn=2 ]
Information: Evaluating point: [ ics=16384 dcs=2048 l2cs=262144 icw=1 dcw=8 l2cw=8 iwidth=8 cbs=16 pn=16 ]
Information: Evaluating point: [ ics=16384 dcs=2048 l2cs=262144 icw=4 dcw=2 l2cw=2 iwidth=1 cbs=16 pn=2 ]
Information: Evaluating point: [ ics=16384 dcs=2048 l2cs=262144 icw=4 dcw=2 l2cw=2 iwidth=1 cbs=16 pn=16 ]
Information: Evaluating point: [ ics=16384 dcs=2048 l2cs=262144 icw=4 dcw=2 l2cw=2 iwidth=1 cbs=16 pn=2 ]
Information: Evaluating point: [ ics=16384 dcs=2048 l2cs=262144 icw=4 dcw=2 l2cw=2 iwidth=1 cbs=16 pn=16 ]
Information: Evaluating point: [ ics=16384 dcs=2048 l2cs=262144 icw=4 dcw=2 l2cw=2 iwidth=8 cbs=16 pn=2 ]
Information: Evaluating point: [ ics=16384 dcs=2048 l2cs=262144 icw=4 dcw=2 l2cw=2 iwidth=8 cbs=16 pn=16 ]
Information: Evaluating point: [ ics=16384 dcs=2048 l2cs=262144 icw=4 dcw=2 l2cw=2 iwidth=8 cbs=16 pn=2 ]
Information: Evaluating point: [ ics=16384 dcs=2048 l2cs=262144 icw=4 dcw=2 l2cw=2 iwidth=8 cbs=16 pn=16 ]
Information: Evaluating point: [ ics=16384 dcs=2048 l2cs=262144 icw=4 dcw=2 l2cw=8 iwidth=1 cbs=16 pn=2 ]
Information: Evaluating point: [ ics=16384 dcs=2048 l2cs=262144 icw=4 dcw=2 l2cw=8 iwidth=1 cbs=16 pn=16 ]
Information: Evaluating point: [ ics=16384 dcs=2048 l2cs=262144 icw=4 dcw=2 l2cw=8 iwidth=1 cbs=16 pn=2 ]
Information: Evaluating point: [ ics=16384 dcs=2048 l2cs=262144 icw=4 dcw=2 l2cw=8 iwidth=1 cbs=16 pn=16 ]
Information: Evaluating point: [ ics=16384 dcs=2048 l2cs=262144 icw=4 dcw=2 l2cw=8 iwidth=8 cbs=16 pn=2 ]
Information: Evaluating point: [ ics=16384 dcs=2048 l2cs=262144 icw=4 dcw=2 l2cw=8 iwidth=8 cbs=16 pn=16 ]
Information: Evaluating point: [ ics=16384 dcs=2048 l2cs=262144 icw=4 dcw=2 l2cw=8 iwidth=8 cbs=16 pn=2 ]
Information: Evaluating point: [ ics=16384 dcs=2048 l2cs=262144 icw=4 dcw=2 l2cw=8 iwidth=8 cbs=16 pn=16 ]
Information: Evaluating point: [ ics=16384 dcs=2048 l2cs=262144 icw=4 dcw=8 l2cw=2 iwidth=1 cbs=16 pn=2 ]
Information: Evaluating point: [ ics=16384 dcs=2048 l2cs=262144 icw=4 dcw=8 l2cw=2 iwidth=1 cbs=16 pn=16 ]
Information: Evaluating point: [ ics=16384 dcs=2048 l2cs=262144 icw=4 dcw=8 l2cw=2 iwidth=1 cbs=16 pn=2 ]
Information: Evaluating point: [ ics=16384 dcs=2048 l2cs=262144 icw=4 dcw=8 l2cw=2 iwidth=1 cbs=16 pn=16 ]
Information: Evaluating point: [ ics=16384 dcs=2048 l2cs=262144 icw=4 dcw=8 l2cw=2 iwidth=8 cbs=16 pn=2 ]
Information: Evaluating point: [ ics=16384 dcs=2048 l2cs=262144 icw=4 dcw=8 l2cw=2 iwidth=8 cbs=16 pn=16 ]
Information: Evaluating point: [ ics=16384 dcs=2048 l2cs=262144 icw=4 dcw=8 l2cw=2 iwidth=8 cbs=16 pn=2 ]
Information: Evaluating point: [ ics=16384 dcs=2048 l2cs=262144 icw=4 dcw=8 l2cw=2 iwidth=8 cbs=16 pn=16 ]
Information: Evaluating point: [ ics=16384 dcs=2048 l2cs=262144 icw=4 dcw=8 l2cw=8 iwidth=1 cbs=16 pn=2 ]
Information: Evaluating point: [ ics=16384 dcs=2048 l2cs=262144 icw=4 dcw=8 l2cw=8 iwidth=1 cbs=16 pn=16 ]
Information: Evaluating point: [ ics=16384 dcs=2048 l2cs=262144 icw=4 dcw=8 l2cw=8 iwidth=1 cbs=16 pn=2 ]
Information: Evaluating point: [ ics=16384 dcs=2048 l2cs=262144 icw=4 dcw=8 l2cw=8 iwidth=1 cbs=16 pn=16 ]
Information: Evaluating point: [ ics=16384 dcs=2048 l2cs=262144 icw=4 dcw=8 l2cw=8 iwidth=8 cbs=16 pn=2 ]
Information: Evaluating point: [ ics=16384 dcs=2048 l2cs=262144 icw=4 dcw=8 l2cw=8 iwidth=8 cbs=16 pn=16 ]
Information: Evaluating point: [ ics=16384 dcs=2048 l2cs=262144 icw=4 dcw=8 l2cw=8 iwidth=8 cbs=16 pn=2 ]
Information: Evaluating point: [ ics=16384 dcs=2048 l2cs=262144 icw=4 dcw=8 l2cw=8 iwidth=8 cbs=16 pn=16 ]
Information: Evaluating point: [ ics=16384 dcs=16384 l2cs=32768 icw=1 dcw=2 l2cw=2 iwidth=1 cbs=16 pn=2 ]
Information: Evaluating point: [ ics=16384 dcs=16384 l2cs=32768 icw=1 dcw=2 l2cw=2 iwidth=1 cbs=16 pn=16 ]
Information: Evaluating point: [ ics=16384 dcs=16384 l2cs=32768 icw=1 dcw=2 l2cw=2 iwidth=1 cbs=16 pn=2 ]
Information: Evaluating point: [ ics=16384 dcs=16384 l2cs=32768 icw=1 dcw=2 l2cw=2 iwidth=1 cbs=16 pn=16 ]
Information: Evaluating point: [ ics=16384 dcs=16384 l2cs=32768 icw=1 dcw=2 l2cw=2 iwidth=8 cbs=16 pn=2 ]
Information: Evaluating point: [ ics=16384 dcs=16384 l2cs=32768 icw=1 dcw=2 l2cw=2 iwidth=8 cbs=16 pn=16 ]
Information: Evaluating point: [ ics=16384 dcs=16384 l2cs=32768 icw=1 dcw=2 l2cw=2 iwidth=8 cbs=16 pn=2 ]
Information: Evaluating point: [ ics=16384 dcs=16384 l2cs=32768 icw=1 dcw=2 l2cw=2 iwidth=8 cbs=16 pn=16 ]
Information: Evaluating point: [ ics=16384 dcs=16384 l2cs=32768 icw=1 dcw=2 l2cw=8 iwidth=1 cbs=16 pn=2 ]
Information: Evaluating point: [ ics=16384 dcs=16384 l2cs=32768 icw=1 dcw=2 l2cw=8 iwidth=1 cbs=16 pn=16 ]
Information: Evaluating point: [ ics=16384 dcs=16384 l2cs=32768 icw=1 dcw=2 l2cw=8 iwidth=1 cbs=16 pn=2 ]
Information: Evaluating point: [ ics=16384 dcs=16384 l2cs=32768 icw=1 dcw=2 l2cw=8 iwidth=1 cbs=16 pn=16 ]
Information: Evaluating point: [ ics=16384 dcs=16384 l2cs=32768 icw=1 dcw=2 l2cw=8 iwidth=8 cbs=16 pn=2 ]
Information: Evaluating point: [ ics=16384 dcs=16384 l2cs=32768 icw=1 dcw=2 l2cw=8 iwidth=8 cbs=16 pn=16 ]
Information: Evaluating point: [ ics=16384 dcs=16384 l2cs=32768 icw=1 dcw=2 l2cw=8 iwidth=8 cbs=16 pn=2 ]
Information: Evaluating point: [ ics=16384 dcs=16384 l2cs=32768 icw=1 dcw=2 l2cw=8 iwidth=8 cbs=16 pn=16 ]
Information: Evaluating point: [ ics=16384 dcs=16384 l2cs=32768 icw=1 dcw=8 l2cw=2 iwidth=1 cbs=16 pn=2 ]
Information: Evaluating point: [ ics=16384 dcs=16384 l2cs=32768 icw=1 dcw=8 l2cw=2 iwidth=1 cbs=16 pn=16 ]
Information: Evaluating point: [ ics=16384 dcs=16384 l2cs=32768 icw=1 dcw=8 l2cw=2 iwidth=1 cbs=16 pn=2 ]
Information: Evaluating point: [ ics=16384 dcs=16384 l2cs=32768 icw=1 dcw=8 l2cw=2 iwidth=1 cbs=16 pn=16 ]
Information: Evaluating point: [ ics=16384 dcs=16384 l2cs=32768 icw=1 dcw=8 l2cw=2 iwidth=8 cbs=16 pn=2 ]
Information: Evaluating point: [ ics=16384 dcs=16384 l2cs=32768 icw=1 dcw=8 l2cw=2 iwidth=8 cbs=16 pn=16 ]
Information: Evaluating point: [ ics=16384 dcs=16384 l2cs=32768 icw=1 dcw=8 l2cw=2 iwidth=8 cbs=16 pn=2 ]
Information: Evaluating point: [ ics=16384 dcs=16384 l2cs=32768 icw=1 dcw=8 l2cw=2 iwidth=8 cbs=16 pn=16 ]
Information: Evaluating point: [ ics=16384 dcs=16384 l2cs=32768 icw=1 dcw=8 l2cw=8 iwidth=1 cbs=16 pn=2 ]
Information: Evaluating point: [ ics=16384 dcs=16384 l2cs=32768 icw=1 dcw=8 l2cw=8 iwidth=1 cbs=16 pn=16 ]
Information: Evaluating point: [ ics=16384 dcs=16384 l2cs=32768 icw=1 dcw=8 l2cw=8 iwidth=1 cbs=16 pn=2 ]
Information: Evaluating point: [ ics=16384 dcs=16384 l2cs=32768 icw=1 dcw=8 l2cw=8 iwidth=1 cbs=16 pn=16 ]
Information: Evaluating point: [ ics=16384 dcs=16384 l2cs=32768 icw=1 dcw=8 l2cw=8 iwidth=8 cbs=16 pn=2 ]
Information: Evaluating point: [ ics=16384 dcs=16384 l2cs=32768 icw=1 dcw=8 l2cw=8 iwidth=8 cbs=16 pn=16 ]
Information: Evaluating point: [ ics=16384 dcs=16384 l2cs=32768 icw=1 dcw=8 l2cw=8 iwidth=8 cbs=16 pn=2 ]
Information: Evaluating point: [ ics=16384 dcs=16384 l2cs=32768 icw=1 dcw=8 l2cw=8 iwidth=8 cbs=16 pn=16 ]
Information: Evaluating point: [ ics=16384 dcs=16384 l2cs=32768 icw=4 dcw=2 l2cw=2 iwidth=1 cbs=16 pn=2 ]
Information: Evaluating point: [ ics=16384 dcs=16384 l2cs=32768 icw=4 dcw=2 l2cw=2 iwidth=1 cbs=16 pn=16 ]
Information: Evaluating point: [ ics=16384 dcs=16384 l2cs=32768 icw=4 dcw=2 l2cw=2 iwidth=1 cbs=16 pn=2 ]
Information: Evaluating point: [ ics=16384 dcs=16384 l2cs=32768 icw=4 dcw=2 l2cw=2 iwidth=1 cbs=16 pn=16 ]
Information: Evaluating point: [ ics=16384 dcs=16384 l2cs=32768 icw=4 dcw=2 l2cw=2 iwidth=8 cbs=16 pn=2 ]
Information: Evaluating point: [ ics=16384 dcs=16384 l2cs=32768 icw=4 dcw=2 l2cw=2 iwidth=8 cbs=16 pn=16 ]
Information: Evaluating point: [ ics=16384 dcs=16384 l2cs=32768 icw=4 dcw=2 l2cw=2 iwidth=8 cbs=16 pn=2 ]
Information: Evaluating point: [ ics=16384 dcs=16384 l2cs=32768 icw=4 dcw=2 l2cw=2 iwidth=8 cbs=16 pn=16 ]
Information: Evaluating point: [ ics=16384 dcs=16384 l2cs=32768 icw=4 dcw=2 l2cw=8 iwidth=1 cbs=16 pn=2 ]
Information: Evaluating point: [ ics=16384 dcs=16384 l2cs=32768 icw=4 dcw=2 l2cw=8 iwidth=1 cbs=16 pn=16 ]
Information: Evaluating point: [ ics=16384 dcs=16384 l2cs=32768 icw=4 dcw=2 l2cw=8 iwidth=1 cbs=16 pn=2 ]
Information: Evaluating point: [ ics=16384 dcs=16384 l2cs=32768 icw=4 dcw=2 l2cw=8 iwidth=1 cbs=16 pn=16 ]
Information: Evaluating point: [ ics=16384 dcs=16384 l2cs=32768 icw=4 dcw=2 l2cw=8 iwidth=8 cbs=16 pn=2 ]
Information: Evaluating point: [ ics=16384 dcs=16384 l2cs=32768 icw=4 dcw=2 l2cw=8 iwidth=8 cbs=16 pn=16 ]
Information: Evaluating point: [ ics=16384 dcs=16384 l2cs=32768 icw=4 dcw=2 l2cw=8 iwidth=8 cbs=16 pn=2 ]
Information: Evaluating point: [ ics=16384 dcs=16384 l2cs=32768 icw=4 dcw=2 l2cw=8 iwidth=8 cbs=16 pn=16 ]
Information: Evaluating point: [ ics=16384 dcs=16384 l2cs=32768 icw=4 dcw=8 l2cw=2 iwidth=1 cbs=16 pn=2 ]
Information: Evaluating point: [ ics=16384 dcs=16384 l2cs=32768 icw=4 dcw=8 l2cw=2 iwidth=1 cbs=16 pn=16 ]
Information: Evaluating point: [ ics=16384 dcs=16384 l2cs=32768 icw=4 dcw=8 l2cw=2 iwidth=1 cbs=16 pn=2 ]
Information: Evaluating point: [ ics=16384 dcs=16384 l2cs=32768 icw=4 dcw=8 l2cw=2 iwidth=1 cbs=16 pn=16 ]
Information: Evaluating point: [ ics=16384 dcs=16384 l2cs=32768 icw=4 dcw=8 l2cw=2 iwidth=8 cbs=16 pn=2 ]
Information: Evaluating point: [ ics=16384 dcs=16384 l2cs=32768 icw=4 dcw=8 l2cw=2 iwidth=8 cbs=16 pn=16 ]
Information: Evaluating point: [ ics=16384 dcs=16384 l2cs=32768 icw=4 dcw=8 l2cw=2 iwidth=8 cbs=16 pn=2 ]
Information: Evaluating point: [ ics=16384 dcs=16384 l2cs=32768 icw=4 dcw=8 l2cw=2 iwidth=8 cbs=16 pn=16 ]
Information: Evaluating point: [ ics=16384 dcs=16384 l2cs=32768 icw=4 dcw=8 l2cw=8 iwidth=1 cbs=16 pn=2 ]
Information: Evaluating point: [ ics=16384 dcs=16384 l2cs=32768 icw=4 dcw=8 l2cw=8 iwidth=1 cbs=16 pn=16 ]
Information: Evaluating point: [ ics=16384 dcs=16384 l2cs=32768 icw=4 dcw=8 l2cw=8 iwidth=1 cbs=16 pn=2 ]
Information: Evaluating point: [ ics=16384 dcs=16384 l2cs=32768 icw=4 dcw=8 l2cw=8 iwidth=1 cbs=16 pn=16 ]
Information: Evaluating point: [ ics=16384 dcs=16384 l2cs=32768 icw=4 dcw=8 l2cw=8 iwidth=8 cbs=16 pn=2 ]
Information: Evaluating point: [ ics=16384 dcs=16384 l2cs=32768 icw=4 dcw=8 l2cw=8 iwidth=8 cbs=16 pn=16 ]
Information: Evaluating point: [ ics=16384 dcs=16384 l2cs=32768 icw=4 dcw=8 l2cw=8 iwidth=8 cbs=16 pn=2 ]
Information: Evaluating point: [ ics=16384 dcs=16384 l2cs=32768 icw=4 dcw=8 l2cw=8 iwidth=8 cbs=16 pn=16 ]
Information: Evaluating point: [ ics=16384 dcs=16384 l2cs=262144 icw=1 dcw=2 l2cw=2 iwidth=1 cbs=16 pn=2 ]
Information: Evaluating point: [ ics=16384 dcs=16384 l2cs=262144 icw=1 dcw=2 l2cw=2 iwidth=1 cbs=16 pn=16 ]
Information: Evaluating point: [ ics=16384 dcs=16384 l2cs=262144 icw=1 dcw=2 l2cw=2 iwidth=1 cbs=16 pn=2 ]
Information: Evaluating point: [ ics=16384 dcs=16384 l2cs=262144 icw=1 dcw=2 l2cw=2 iwidth=1 cbs=16 pn=16 ]
Information: Evaluating point: [ ics=16384 dcs=16384 l2cs=262144 icw=1 dcw=2 l2cw=2 iwidth=8 cbs=16 pn=2 ]
Information: Evaluating point: [ ics=16384 dcs=16384 l2cs=262144 icw=1 dcw=2 l2cw=2 iwidth=8 cbs=16 pn=16 ]
Information: Evaluating point: [ ics=16384 dcs=16384 l2cs=262144 icw=1 dcw=2 l2cw=2 iwidth=8 cbs=16 pn=2 ]
Information: Evaluating point: [ ics=16384 dcs=16384 l2cs=262144 icw=1 dcw=2 l2cw=2 iwidth=8 cbs=16 pn=16 ]
Information: Evaluating point: [ ics=16384 dcs=16384 l2cs=262144 icw=1 dcw=2 l2cw=8 iwidth=1 cbs=16 pn=2 ]
Information: Evaluating point: [ ics=16384 dcs=16384 l2cs=262144 icw=1 dcw=2 l2cw=8 iwidth=1 cbs=16 pn=16 ]
Information: Evaluating point: [ ics=16384 dcs=16384 l2cs=262144 icw=1 dcw=2 l2cw=8 iwidth=1 cbs=16 pn=2 ]
Information: Evaluating point: [ ics=16384 dcs=16384 l2cs=262144 icw=1 dcw=2 l2cw=8 iwidth=1 cbs=16 pn=16 ]
Information: Evaluating point: [ ics=16384 dcs=16384 l2cs=262144 icw=1 dcw=2 l2cw=8 iwidth=8 cbs=16 pn=2 ]
Information: Evaluating point: [ ics=16384 dcs=16384 l2cs=262144 icw=1 dcw=2 l2cw=8 iwidth=8 cbs=16 pn=16 ]
Information: Evaluating point: [ ics=16384 dcs=16384 l2cs=262144 icw=1 dcw=2 l2cw=8 iwidth=8 cbs=16 pn=2 ]
Information: Evaluating point: [ ics=16384 dcs=16384 l2cs=262144 icw=1 dcw=2 l2cw=8 iwidth=8 cbs=16 pn=16 ]
Information: Evaluating point: [ ics=16384 dcs=16384 l2cs=262144 icw=1 dcw=8 l2cw=2 iwidth=1 cbs=16 pn=2 ]
Information: Evaluating point: [ ics=16384 dcs=16384 l2cs=262144 icw=1 dcw=8 l2cw=2 iwidth=1 cbs=16 pn=16 ]
Information: Evaluating point: [ ics=16384 dcs=16384 l2cs=262144 icw=1 dcw=8 l2cw=2 iwidth=1 cbs=16 pn=2 ]
Information: Evaluating point: [ ics=16384 dcs=16384 l2cs=262144 icw=1 dcw=8 l2cw=2 iwidth=1 cbs=16 pn=16 ]
Information: Evaluating point: [ ics=16384 dcs=16384 l2cs=262144 icw=1 dcw=8 l2cw=2 iwidth=8 cbs=16 pn=2 ]
Information: Evaluating point: [ ics=16384 dcs=16384 l2cs=262144 icw=1 dcw=8 l2cw=2 iwidth=8 cbs=16 pn=16 ]
Information: Evaluating point: [ ics=16384 dcs=16384 l2cs=262144 icw=1 dcw=8 l2cw=2 iwidth=8 cbs=16 pn=2 ]
Information: Evaluating point: [ ics=16384 dcs=16384 l2cs=262144 icw=1 dcw=8 l2cw=2 iwidth=8 cbs=16 pn=16 ]
Information: Evaluating point: [ ics=16384 dcs=16384 l2cs=262144 icw=1 dcw=8 l2cw=8 iwidth=1 cbs=16 pn=2 ]
Information: Evaluating point: [ ics=16384 dcs=16384 l2cs=262144 icw=1 dcw=8 l2cw=8 iwidth=1 cbs=16 pn=16 ]
Information: Evaluating point: [ ics=16384 dcs=16384 l2cs=262144 icw=1 dcw=8 l2cw=8 iwidth=1 cbs=16 pn=2 ]
Information: Evaluating point: [ ics=16384 dcs=16384 l2cs=262144 icw=1 dcw=8 l2cw=8 iwidth=1 cbs=16 pn=16 ]
Information: Evaluating point: [ ics=16384 dcs=16384 l2cs=262144 icw=1 dcw=8 l2cw=8 iwidth=8 cbs=16 pn=2 ]
Information: Evaluating point: [ ics=16384 dcs=16384 l2cs=262144 icw=1 dcw=8 l2cw=8 iwidth=8 cbs=16 pn=16 ]
Information: Evaluating point: [ ics=16384 dcs=16384 l2cs=262144 icw=1 dcw=8 l2cw=8 iwidth=8 cbs=16 pn=2 ]
Information: Evaluating point: [ ics=16384 dcs=16384 l2cs=262144 icw=1 dcw=8 l2cw=8 iwidth=8 cbs=16 pn=16 ]
Information: Evaluating point: [ ics=16384 dcs=16384 l2cs=262144 icw=4 dcw=2 l2cw=2 iwidth=1 cbs=16 pn=2 ]
Information: Evaluating point: [ ics=16384 dcs=16384 l2cs=262144 icw=4 dcw=2 l2cw=2 iwidth=1 cbs=16 pn=16 ]
Information: Evaluating point: [ ics=16384 dcs=16384 l2cs=262144 icw=4 dcw=2 l2cw=2 iwidth=1 cbs=16 pn=2 ]
Information: Evaluating point: [ ics=16384 dcs=16384 l2cs=262144 icw=4 dcw=2 l2cw=2 iwidth=1 cbs=16 pn=16 ]
Information: Evaluating point: [ ics=16384 dcs=16384 l2cs=262144 icw=4 dcw=2 l2cw=2 iwidth=8 cbs=16 pn=2 ]
Information: Evaluating point: [ ics=16384 dcs=16384 l2cs=262144 icw=4 dcw=2 l2cw=2 iwidth=8 cbs=16 pn=16 ]
Information: Evaluating point: [ ics=16384 dcs=16384 l2cs=262144 icw=4 dcw=2 l2cw=2 iwidth=8 cbs=16 pn=2 ]
Information: Evaluating point: [ ics=16384 dcs=16384 l2cs=262144 icw=4 dcw=2 l2cw=2 iwidth=8 cbs=16 pn=16 ]
Information: Evaluating point: [ ics=16384 dcs=16384 l2cs=262144 icw=4 dcw=2 l2cw=8 iwidth=1 cbs=16 pn=2 ]
Information: Evaluating point: [ ics=16384 dcs=16384 l2cs=262144 icw=4 dcw=2 l2cw=8 iwidth=1 cbs=16 pn=16 ]
Information: Evaluating point: [ ics=16384 dcs=16384 l2cs=262144 icw=4 dcw=2 l2cw=8 iwidth=1 cbs=16 pn=2 ]
Information: Evaluating point: [ ics=16384 dcs=16384 l2cs=262144 icw=4 dcw=2 l2cw=8 iwidth=1 cbs=16 pn=16 ]
Information: Evaluating point: [ ics=16384 dcs=16384 l2cs=262144 icw=4 dcw=2 l2cw=8 iwidth=8 cbs=16 pn=2 ]
Information: Evaluating point: [ ics=16384 dcs=16384 l2cs=262144 icw=4 dcw=2 l2cw=8 iwidth=8 cbs=16 pn=16 ]
Information: Evaluating point: [ ics=16384 dcs=16384 l2cs=262144 icw=4 dcw=2 l2cw=8 iwidth=8 cbs=16 pn=2 ]
Information: Evaluating point: [ ics=16384 dcs=16384 l2cs=262144 icw=4 dcw=2 l2cw=8 iwidth=8 cbs=16 pn=16 ]
Information: Evaluating point: [ ics=16384 dcs=16384 l2cs=262144 icw=4 dcw=8 l2cw=2 iwidth=1 cbs=16 pn=2 ]
Information: Evaluating point: [ ics=16384 dcs=16384 l2cs=262144 icw=4 dcw=8 l2cw=2 iwidth=1 cbs=16 pn=16 ]
Information: Evaluating point: [ ics=16384 dcs=16384 l2cs=262144 icw=4 dcw=8 l2cw=2 iwidth=1 cbs=16 pn=2 ]
Information: Evaluating point: [ ics=16384 dcs=16384 l2cs=262144 icw=4 dcw=8 l2cw=2 iwidth=1 cbs=16 pn=16 ]
Information: Evaluating point: [ ics=16384 dcs=16384 l2cs=262144 icw=4 dcw=8 l2cw=2 iwidth=8 cbs=16 pn=2 ]
Information: Evaluating point: [ ics=16384 dcs=16384 l2cs=262144 icw=4 dcw=8 l2cw=2 iwidth=8 cbs=16 pn=16 ]
Information: Evaluating point: [ ics=16384 dcs=16384 l2cs=262144 icw=4 dcw=8 l2cw=2 iwidth=8 cbs=16 pn=2 ]
Information: Evaluating point: [ ics=16384 dcs=16384 l2cs=262144 icw=4 dcw=8 l2cw=2 iwidth=8 cbs=16 pn=16 ]
Information: Evaluating point: [ ics=16384 dcs=16384 l2cs=262144 icw=4 dcw=8 l2cw=8 iwidth=1 cbs=16 pn=2 ]
Information: Evaluating point: [ ics=16384 dcs=16384 l2cs=262144 icw=4 dcw=8 l2cw=8 iwidth=1 cbs=16 pn=16 ]
Information: Evaluating point: [ ics=16384 dcs=16384 l2cs=262144 icw=4 dcw=8 l2cw=8 iwidth=1 cbs=16 pn=2 ]
Information: Evaluating point: [ ics=16384 dcs=16384 l2cs=262144 icw=4 dcw=8 l2cw=8 iwidth=1 cbs=16 pn=16 ]
Information: Evaluating point: [ ics=16384 dcs=16384 l2cs=262144 icw=4 dcw=8 l2cw=8 iwidth=8 cbs=16 pn=2 ]
Information: Evaluating point: [ ics=16384 dcs=16384 l2cs=262144 icw=4 dcw=8 l2cw=8 iwidth=8 cbs=16 pn=16 ]
Information: Evaluating point: [ ics=16384 dcs=16384 l2cs=262144 icw=4 dcw=8 l2cw=8 iwidth=8 cbs=16 pn=2 ]
Information: Evaluating point: [ ics=16384 dcs=16384 l2cs=262144 icw=4 dcw=8 l2cw=8 iwidth=8 cbs=16 pn=16 ]

Information: Changing current DB to: root
Information: Operation OK.
Information: Filtering the database for pareto points..
root: Current database contents
[ ics=16384 dcs=2048 l2cs=262144 icw=1 dcw=4 l2cw=4 iwidth=4 cbs=16 pn=16 ] :   2.74204  1.76291e+07  1.37102  8.81455e+06
[ ics=16384 dcs=2048 l2cs=262144 icw=1 dcw=4 l2cw=8 iwidth=4 cbs=16 pn=16 ] :   2.80079  1.76263e+07  1.4004  8.81316e+06
[ ics=16384 dcs=2048 l2cs=262144 icw=1 dcw=8 l2cw=2 iwidth=8 cbs=16 pn=16 ] :   6.76735  1.60949e+07  3.38368  8.04744e+06
[ ics=16384 dcs=2048 l2cs=262144 icw=1 dcw=8 l2cw=4 iwidth=4 cbs=16 pn=16 ] :   2.64434  1.76327e+07  1.32217  8.81634e+06
[ ics=16384 dcs=2048 l2cs=262144 icw=1 dcw=8 l2cw=4 iwidth=8 cbs=16 pn=16 ] :   6.77504  1.60724e+07  3.38752  8.03618e+06
[ ics=16384 dcs=2048 l2cs=262144 icw=1 dcw=8 l2cw=8 iwidth=4 cbs=16 pn=16 ] :   2.69818  1.76294e+07  1.34909  8.81468e+06
[ ics=16384 dcs=2048 l2cs=262144 icw=2 dcw=8 l2cw=4 iwidth=8 cbs=16 pn=16 ] :   6.79554  1.60668e+07  3.39777  8.03339e+06
[ ics=16384 dcs=2048 l2cs=262144 icw=2 dcw=8 l2cw=8 iwidth=8 cbs=16 pn=16 ] :   6.83908  1.60659e+07  3.41954  8.03293e+06
[ ics=16384 dcs=4096 l2cs=131072 icw=1 dcw=8 l2cw=2 iwidth=8 cbs=16 pn=16 ] :   6.1262  1.61528e+07  3.0631  8.07642e+06
[ ics=16384 dcs=4096 l2cs=131072 icw=2 dcw=8 l2cw=2 iwidth=8 cbs=16 pn=16 ] :   6.14215  1.61507e+07  3.07107  8.07535e+06
[ ics=16384 dcs=4096 l2cs=262144 icw=1 dcw=8 l2cw=2 iwidth=8 cbs=16 pn=16 ] :   6.14669  1.61247e+07  3.07335  8.06234e+06
[ ics=16384 dcs=4096 l2cs=262144 icw=1 dcw=8 l2cw=4 iwidth=2 cbs=16 pn=16 ] :   1.39858  2.31554e+07  0.69929  1.15777e+07
[ ics=16384 dcs=4096 l2cs=262144 icw=1 dcw=8 l2cw=4 iwidth=8 cbs=16 pn=16 ] :   6.15293  1.6101e+07  3.07646  8.05052e+06
[ ics=16384 dcs=4096 l2cs=262144 icw=1 dcw=8 l2cw=8 iwidth=2 cbs=16 pn=16 ] :   1.43549  2.31535e+07  0.717745  1.15768e+07
[ ics=16384 dcs=4096 l2cs=262144 icw=2 dcw=8 l2cw=4 iwidth=8 cbs=16 pn=16 ] :   6.17002  1.60963e+07  3.08501  8.04817e+06
[ ics=16384 dcs=4096 l2cs=262144 icw=2 dcw=8 l2cw=8 iwidth=8 cbs=16 pn=16 ] :   6.20695  1.60955e+07  3.10347  8.04773e+06
[ ics=16384 dcs=8192 l2cs=131072 icw=1 dcw=8 l2cw=2 iwidth=1 cbs=16 pn=2 ] :   1.00578  1.98243e+08  0.50289  9.91214e+07
[ ics=16384 dcs=8192 l2cs=131072 icw=1 dcw=8 l2cw=2 iwidth=1 cbs=16 pn=4 ] :   1.05159  1.07673e+08  0.525795  5.38366e+07
[ ics=16384 dcs=8192 l2cs=131072 icw=1 dcw=8 l2cw=2 iwidth=1 cbs=16 pn=8 ] :   1.07286  5.58315e+07  0.53643  2.79157e+07
[ ics=16384 dcs=8192 l2cs=131072 icw=1 dcw=8 l2cw=2 iwidth=1 cbs=16 pn=16 ] :   1.14649  3.13636e+07  0.573245  1.56818e+07
[ ics=16384 dcs=8192 l2cs=131072 icw=1 dcw=8 l2cw=2 iwidth=2 cbs=16 pn=16 ] :   1.25805  2.32579e+07  0.629025  1.16289e+07
[ ics=16384 dcs=8192 l2cs=131072 icw=1 dcw=8 l2cw=2 iwidth=4 cbs=16 pn=16 ] :   2.41798  1.7729e+07  1.20899  8.86449e+06
[ ics=16384 dcs=8192 l2cs=262144 icw=1 dcw=8 l2cw=2 iwidth=1 cbs=16 pn=2 ] :   1.01892  1.96779e+08  0.50946  9.83893e+07
[ ics=16384 dcs=8192 l2cs=262144 icw=1 dcw=8 l2cw=2 iwidth=1 cbs=16 pn=4 ] :   1.05532  1.05154e+08  0.52766  5.25769e+07
[ ics=16384 dcs=8192 l2cs=262144 icw=1 dcw=8 l2cw=2 iwidth=1 cbs=16 pn=8 ] :   1.07974  5.48716e+07  0.53987  2.74358e+07
[ ics=16384 dcs=8192 l2cs=262144 icw=1 dcw=8 l2cw=2 iwidth=1 cbs=16 pn=16 ] :   1.1617  3.12756e+07  0.58085  1.56378e+07
[ ics=16384 dcs=8192 l2cs=262144 icw=1 dcw=8 l2cw=2 iwidth=2 cbs=16 pn=16 ] :   1.27367  2.31933e+07  0.636835  1.15967e+07
[ ics=16384 dcs=8192 l2cs=262144 icw=1 dcw=8 l2cw=2 iwidth=4 cbs=16 pn=16 ] :   2.44438  1.76829e+07  1.22219  8.84144e+06
[ ics=16384 dcs=8192 l2cs=262144 icw=1 dcw=8 l2cw=4 iwidth=1 cbs=16 pn=8 ] :   1.08355  5.46858e+07  0.541775  2.73429e+07
[ ics=16384 dcs=8192 l2cs=262144 icw=1 dcw=8 l2cw=4 iwidth=1 cbs=16 pn=16 ] :   1.16683  3.12405e+07  0.583415  1.56203e+07
[ ics=16384 dcs=8192 l2cs=262144 icw=1 dcw=8 l2cw=4 iwidth=2 cbs=16 pn=16 ] :   1.27881  2.31616e+07  0.639405  1.15808e+07
[ ics=16384 dcs=8192 l2cs=262144 icw=1 dcw=8 l2cw=4 iwidth=4 cbs=16 pn=16 ] :   2.45299  1.76562e+07  1.22649  8.8281e+06
[ ics=16384 dcs=8192 l2cs=262144 icw=1 dcw=8 l2cw=8 iwidth=1 cbs=16 pn=8 ] :   1.11082  5.46725e+07  0.55541  2.73363e+07
[ ics=16384 dcs=8192 l2cs=262144 icw=1 dcw=8 l2cw=8 iwidth=1 cbs=16 pn=16 ] :   1.19427  3.12383e+07  0.597135  1.56192e+07
[ ics=16384 dcs=8192 l2cs=262144 icw=1 dcw=8 l2cw=8 iwidth=2 cbs=16 pn=16 ] :   1.30645  2.31593e+07  0.653225  1.15797e+07
[ ics=16384 dcs=8192 l2cs=262144 icw=1 dcw=8 l2cw=8 iwidth=4 cbs=16 pn=16 ] :   2.49795  1.76542e+07  1.24897  8.82708e+06
Number of points in the DB: 36
Information: Changing current DB to: solution
Information: Operation OK.
solution: Current database contents
[ ics=16384 dcs=2048 l2cs=262144 icw=1 dcw=8 l2cw=2 iwidth=1 cbs=16 pn=2 ] :   1.15362  1.96996e+08  0.57681  9.84978e+07
[ ics=16384 dcs=2048 l2cs=262144 icw=1 dcw=8 l2cw=2 iwidth=1 cbs=16 pn=16 ] :   1.29247  3.12937e+07  0.646235  1.56468e+07
[ ics=16384 dcs=2048 l2cs=262144 icw=1 dcw=8 l2cw=2 iwidth=8 cbs=16 pn=16 ] :   6.76735  1.60949e+07  3.38368  8.04744e+06
[ ics=16384 dcs=2048 l2cs=262144 icw=1 dcw=8 l2cw=8 iwidth=1 cbs=16 pn=16 ] :   1.34384  3.12573e+07  0.67192  1.56287e+07
[ ics=16384 dcs=2048 l2cs=262144 icw=1 dcw=8 l2cw=8 iwidth=8 cbs=16 pn=16 ] :   6.81676  1.60723e+07  3.40838  8.03613e+06
[ ics=16384 dcs=16384 l2cs=262144 icw=1 dcw=2 l2cw=8 iwidth=1 cbs=16 pn=16 ] :   3.45357  3.12381e+07  1.72679  1.56191e+07
[ ics=16384 dcs=16384 l2cs=262144 icw=1 dcw=8 l2cw=8 iwidth=1 cbs=16 pn=16 ] :   1.88451  3.1239e+07  0.942255  1.56195e+07
Number of points in the DB: 7

Shell variables:
Name                  Value      
----------            ------------------------ 
cbs                   [ "16" "16" ]  
dcs                   [ "2048" "16384" ]  
dcw                   [ "2" "8" ]  
ds_parameters         [ "ics" "dcs" "l2cs" "icw" "dcw" "l2cw" "iwidth" "cbs" "pn" ]  
evaluations           512         
ics                   [ "2048" "16384" ]  
icw                   [ "1" "4" ]  
iwidth                [ "1" "8" ]  
l2cs                  [ "32768" "262144" ]  
l2cw                  [ "2" "8" ]  
last_ADRS             0.298969    
objectives            { "energy/2" "cycles/2" }  
pn                    [ "2" "16" ]  

Databases in memory
Name             size       
-----------------------------
root             (available)   36
solution         (available)   7
Information: Removing xml_driver
Information: Exiting from Multicube Explorer shell
